current directory: /home/delma/Documentos/trab_eng_software/CAMAAR/backend/vendor/bundle/ruby/3.2.0/gems/stringio-3.1.9/ext/stringio
/usr/bin/ruby -I/usr/share/rubygems extconf.rb
checking for rb_io_mode_t in ruby/io.h... no
creating Makefile

current directory: /home/delma/Documentos/trab_eng_software/CAMAAR/backend/vendor/bundle/ruby/3.2.0/gems/stringio-3.1.9/ext/stringio
make DESTDIR\= sitearchdir\=./.gem.20251208-16117-cumb4q sitelibdir\=./.gem.20251208-16117-cumb4q clean
rm -f 
rm -fr stringio.so false stringio.o *.bak mkmf.log .*.time

current directory: /home/delma/Documentos/trab_eng_software/CAMAAR/backend/vendor/bundle/ruby/3.2.0/gems/stringio-3.1.9/ext/stringio
make DESTDIR\= sitearchdir\=./.gem.20251208-16117-cumb4q sitelibdir\=./.gem.20251208-16117-cumb4q
gcc -I. -I/usr/include -I/usr/include/ruby/backward -I/usr/include -I.   -fPIC -O2 -flto=auto -ffat-lto-objects -fexceptions -g -grecord-gcc-switches -pipe -Wall -Werror=format-security -Wp,-U_FORTIFY_SOURCE,-D_FORTIFY_SOURCE=3 -Wp,-D_GLIBCXX_ASSERTIONS -specs=/usr/lib/rpm/redhat/redhat-hardened-cc1 -fstack-protector-strong -specs=/usr/lib/rpm/redhat/redhat-annobin-cc1   -mtune=generic -fasynchronous-unwind-tables -fstack-clash-protection -fcf-protection -fno-omit-frame-pointer -mno-omit-leaf-frame-pointer -fPIC -m64 -o stringio.o -c stringio.c
rm -f stringio.so
gcc -shared -o stringio.so stringio.o -L. -L/usr/lib64 -L. -Wl,-z,relro -Wl,--as-needed  -Wl,-z,now -specs=/usr/lib/rpm/redhat/redhat-hardened-ld -specs=/usr/lib/rpm/redhat/redhat-annobin-cc1  -Wl,--build-id=sha1 -fstack-protector-strong -rdynamic -Wl,-export-dynamic -Wl,--no-as-needed -Wl,-z,relro -Wl,--as-needed  -Wl,-z,now -specs=/usr/lib/rpm/redhat/redhat-hardened-ld -specs=/usr/lib/rpm/redhat/redhat-annobin-cc1  -Wl,--build-id=sha1    -m64  -lruby  -lm -lpthread  -lc

current directory: /home/delma/Documentos/trab_eng_software/CAMAAR/backend/vendor/bundle/ruby/3.2.0/gems/stringio-3.1.9/ext/stringio
make DESTDIR\= sitearchdir\=./.gem.20251208-16117-cumb4q sitelibdir\=./.gem.20251208-16117-cumb4q install
/usr/bin/mkdir -p . ./.gem.20251208-16117-cumb4q
exit > .sitearchdir.time
/usr/bin/install -c -m 0755 stringio.so ./.gem.20251208-16117-cumb4q

current directory: /home/delma/Documentos/trab_eng_software/CAMAAR/backend/vendor/bundle/ruby/3.2.0/gems/stringio-3.1.9/ext/stringio
make DESTDIR\= sitearchdir\=./.gem.20251208-16117-cumb4q sitelibdir\=./.gem.20251208-16117-cumb4q clean
rm -f 
rm -fr stringio.so false stringio.o *.bak mkmf.log .*.time
