current directory: /mnt/c/Users/Marco/Documents/sprint_2_atualizado/camaar/backend/vendor/bundle/ruby/3.2.0/gems/io-console-0.8.1/ext/io/console
/usr/bin/ruby3.2 -I/usr/lib/ruby/vendor_ruby extconf.rb
checking for rb_syserr_fail_str(0, Qnil)... yes
checking for rb_interned_str_cstr()... yes
checking for rb_io_path() in ruby/io.h... no
checking for rb_io_descriptor() in ruby/io.h... yes
checking for rb_io_get_write_io() in ruby/io.h... yes
checking for rb_io_closed_p() in ruby/io.h... no
checking for rb_io_open_descriptor() in ruby/io.h... no
checking for rb_ractor_local_storage_value_newkey()... yes
checking for termios.h... yes
checking for cfmakeraw() in termios.h... yes
checking for sys/ioctl.h... yes
checking for HAVE_RUBY_FIBER_SCHEDULER_H... yes
checking for ttyname_r()... yes
creating Makefile

current directory: /mnt/c/Users/Marco/Documents/sprint_2_atualizado/camaar/backend/vendor/bundle/ruby/3.2.0/gems/io-console-0.8.1/ext/io/console
make DESTDIR\= sitearchdir\=./.gem.20251214-1996-t41xob sitelibdir\=./.gem.20251214-1996-t41xob clean

current directory: /mnt/c/Users/Marco/Documents/sprint_2_atualizado/camaar/backend/vendor/bundle/ruby/3.2.0/gems/io-console-0.8.1/ext/io/console
make DESTDIR\= sitearchdir\=./.gem.20251214-1996-t41xob sitelibdir\=./.gem.20251214-1996-t41xob
compiling console.c
linking shared-object io/console.so

current directory: /mnt/c/Users/Marco/Documents/sprint_2_atualizado/camaar/backend/vendor/bundle/ruby/3.2.0/gems/io-console-0.8.1/ext/io/console
make DESTDIR\= sitearchdir\=./.gem.20251214-1996-t41xob sitelibdir\=./.gem.20251214-1996-t41xob install
/usr/bin/install -c -m 0755 console.so ./.gem.20251214-1996-t41xob/io

current directory: /mnt/c/Users/Marco/Documents/sprint_2_atualizado/camaar/backend/vendor/bundle/ruby/3.2.0/gems/io-console-0.8.1/ext/io/console
make DESTDIR\= sitearchdir\=./.gem.20251214-1996-t41xob sitelibdir\=./.gem.20251214-1996-t41xob clean
