current directory: /mnt/c/Users/Marco/Documents/sprint_2_atualizado/camaar/backend/vendor/bundle/ruby/3.2.0/gems/date-3.5.0/ext/date
/usr/bin/ruby3.2 -I/usr/lib/ruby/vendor_ruby extconf.rb
checking for rb_category_warn()... yes
checking for timezone in time.h with  -Werror... yes
checking for altzone in time.h with  -Werror... no
creating Makefile

current directory: /mnt/c/Users/Marco/Documents/sprint_2_atualizado/camaar/backend/vendor/bundle/ruby/3.2.0/gems/date-3.5.0/ext/date
make DESTDIR\= sitearchdir\=./.gem.20251214-1996-nnrk7k sitelibdir\=./.gem.20251214-1996-nnrk7k clean

current directory: /mnt/c/Users/Marco/Documents/sprint_2_atualizado/camaar/backend/vendor/bundle/ruby/3.2.0/gems/date-3.5.0/ext/date
make DESTDIR\= sitearchdir\=./.gem.20251214-1996-nnrk7k sitelibdir\=./.gem.20251214-1996-nnrk7k
compiling date_core.c
compiling date_parse.c
compiling date_strftime.c
compiling date_strptime.c
linking shared-object date_core.so

current directory: /mnt/c/Users/Marco/Documents/sprint_2_atualizado/camaar/backend/vendor/bundle/ruby/3.2.0/gems/date-3.5.0/ext/date
make DESTDIR\= sitearchdir\=./.gem.20251214-1996-nnrk7k sitelibdir\=./.gem.20251214-1996-nnrk7k install
/usr/bin/install -c -m 0755 date_core.so ./.gem.20251214-1996-nnrk7k

current directory: /mnt/c/Users/Marco/Documents/sprint_2_atualizado/camaar/backend/vendor/bundle/ruby/3.2.0/gems/date-3.5.0/ext/date
make DESTDIR\= sitearchdir\=./.gem.20251214-1996-nnrk7k sitelibdir\=./.gem.20251214-1996-nnrk7k clean
