current directory: /home/delma/Documentos/trab_eng_software/CAMAAR/backend/vendor/bundle/ruby/3.2.0/gems/psych-5.2.6/ext/psych
/usr/bin/ruby -I/usr/share/rubygems extconf.rb
checking for yaml.h... yes
checking for yaml_get_version() in -lyaml... yes
creating Makefile

current directory: /home/delma/Documentos/trab_eng_software/CAMAAR/backend/vendor/bundle/ruby/3.2.0/gems/psych-5.2.6/ext/psych
make DESTDIR\= sitearchdir\=./.gem.20251208-16117-nqhzbj sitelibdir\=./.gem.20251208-16117-nqhzbj clean
cd libyaml && make clean
/bin/sh: linha 1: cd: libyaml: Arquivo ou diretório inexistente
make: [Makefile:284: clean-so] Error 1(ignorado)
rm -f 
rm -fr psych.so false psych.o psych_emitter.o psych_parser.o psych_to_ruby.o psych_yaml_tree.o *.bak mkmf.log .*.time

current directory: /home/delma/Documentos/trab_eng_software/CAMAAR/backend/vendor/bundle/ruby/3.2.0/gems/psych-5.2.6/ext/psych
make DESTDIR\= sitearchdir\=./.gem.20251208-16117-nqhzbj sitelibdir\=./.gem.20251208-16117-nqhzbj
gcc -I. -I/usr/include -I/usr/include/ruby/backward -I/usr/include -I.    -fPIC -O2 -flto=auto -ffat-lto-objects -fexceptions -g -grecord-gcc-switches -pipe -Wall -Werror=format-security -Wp,-U_FORTIFY_SOURCE,-D_FORTIFY_SOURCE=3 -Wp,-D_GLIBCXX_ASSERTIONS -specs=/usr/lib/rpm/redhat/redhat-hardened-cc1 -fstack-protector-strong -specs=/usr/lib/rpm/redhat/redhat-annobin-cc1   -mtune=generic -fasynchronous-unwind-tables -fstack-clash-protection -fcf-protection -fno-omit-frame-pointer -mno-omit-leaf-frame-pointer -fPIC  -m64 -o psych.o -c psych.c
gcc -I. -I/usr/include -I/usr/include/ruby/backward -I/usr/include -I.    -fPIC -O2 -flto=auto -ffat-lto-objects -fexceptions -g -grecord-gcc-switches -pipe -Wall -Werror=format-security -Wp,-U_FORTIFY_SOURCE,-D_FORTIFY_SOURCE=3 -Wp,-D_GLIBCXX_ASSERTIONS -specs=/usr/lib/rpm/redhat/redhat-hardened-cc1 -fstack-protector-strong -specs=/usr/lib/rpm/redhat/redhat-annobin-cc1   -mtune=generic -fasynchronous-unwind-tables -fstack-clash-protection -fcf-protection -fno-omit-frame-pointer -mno-omit-leaf-frame-pointer -fPIC  -m64 -o psych_emitter.o -c psych_emitter.c
gcc -I. -I/usr/include -I/usr/include/ruby/backward -I/usr/include -I.    -fPIC -O2 -flto=auto -ffat-lto-objects -fexceptions -g -grecord-gcc-switches -pipe -Wall -Werror=format-security -Wp,-U_FORTIFY_SOURCE,-D_FORTIFY_SOURCE=3 -Wp,-D_GLIBCXX_ASSERTIONS -specs=/usr/lib/rpm/redhat/redhat-hardened-cc1 -fstack-protector-strong -specs=/usr/lib/rpm/redhat/redhat-annobin-cc1   -mtune=generic -fasynchronous-unwind-tables -fstack-clash-protection -fcf-protection -fno-omit-frame-pointer -mno-omit-leaf-frame-pointer -fPIC  -m64 -o psych_parser.o -c psych_parser.c
gcc -I. -I/usr/include -I/usr/include/ruby/backward -I/usr/include -I.    -fPIC -O2 -flto=auto -ffat-lto-objects -fexceptions -g -grecord-gcc-switches -pipe -Wall -Werror=format-security -Wp,-U_FORTIFY_SOURCE,-D_FORTIFY_SOURCE=3 -Wp,-D_GLIBCXX_ASSERTIONS -specs=/usr/lib/rpm/redhat/redhat-hardened-cc1 -fstack-protector-strong -specs=/usr/lib/rpm/redhat/redhat-annobin-cc1   -mtune=generic -fasynchronous-unwind-tables -fstack-clash-protection -fcf-protection -fno-omit-frame-pointer -mno-omit-leaf-frame-pointer -fPIC  -m64 -o psych_to_ruby.o -c psych_to_ruby.c
gcc -I. -I/usr/include -I/usr/include/ruby/backward -I/usr/include -I.    -fPIC -O2 -flto=auto -ffat-lto-objects -fexceptions -g -grecord-gcc-switches -pipe -Wall -Werror=format-security -Wp,-U_FORTIFY_SOURCE,-D_FORTIFY_SOURCE=3 -Wp,-D_GLIBCXX_ASSERTIONS -specs=/usr/lib/rpm/redhat/redhat-hardened-cc1 -fstack-protector-strong -specs=/usr/lib/rpm/redhat/redhat-annobin-cc1   -mtune=generic -fasynchronous-unwind-tables -fstack-clash-protection -fcf-protection -fno-omit-frame-pointer -mno-omit-leaf-frame-pointer -fPIC  -m64 -o psych_yaml_tree.o -c psych_yaml_tree.c
rm -f psych.so
gcc -shared -o psych.so psych.o psych_emitter.o psych_parser.o psych_to_ruby.o psych_yaml_tree.o -L. -L/usr/lib64 -L. -Wl,-z,relro -Wl,--as-needed  -Wl,-z,now -specs=/usr/lib/rpm/redhat/redhat-hardened-ld -specs=/usr/lib/rpm/redhat/redhat-annobin-cc1  -Wl,--build-id=sha1 -fstack-protector-strong -rdynamic -Wl,-export-dynamic -Wl,--no-as-needed  -Wl,-z,relro -Wl,--as-needed  -Wl,-z,now -specs=/usr/lib/rpm/redhat/redhat-hardened-ld -specs=/usr/lib/rpm/redhat/redhat-annobin-cc1  -Wl,--build-id=sha1    -m64  -lruby -lyaml  -lyaml -lm -lpthread  -lc

current directory: /home/delma/Documentos/trab_eng_software/CAMAAR/backend/vendor/bundle/ruby/3.2.0/gems/psych-5.2.6/ext/psych
make DESTDIR\= sitearchdir\=./.gem.20251208-16117-nqhzbj sitelibdir\=./.gem.20251208-16117-nqhzbj install
/usr/bin/mkdir -p . ./.gem.20251208-16117-nqhzbj
exit > .sitearchdir.time
/usr/bin/install -c -m 0755 psych.so ./.gem.20251208-16117-nqhzbj

current directory: /home/delma/Documentos/trab_eng_software/CAMAAR/backend/vendor/bundle/ruby/3.2.0/gems/psych-5.2.6/ext/psych
make DESTDIR\= sitearchdir\=./.gem.20251208-16117-nqhzbj sitelibdir\=./.gem.20251208-16117-nqhzbj clean
cd libyaml && make clean
/bin/sh: linha 1: cd: libyaml: Arquivo ou diretório inexistente
make: [Makefile:284: clean-so] Error 1(ignorado)
rm -f 
rm -fr psych.so false psych.o psych_emitter.o psych_parser.o psych_to_ruby.o psych_yaml_tree.o *.bak mkmf.log .*.time
