current directory: /home/delma/Documentos/trab_eng_software/CAMAAR/backend/vendor/bundle/ruby/3.2.0/gems/puma-7.1.0/ext/puma_http11
/usr/bin/ruby -I/usr/share/rubygems extconf.rb
──── Using OpenSSL pkgconfig (openssl.pc) ────
checking for openssl/bio.h... yes

──── Below are yes for 1.0.2 & later ────
checking for DTLS_method() in openssl/ssl.h... yes
checking for SSL_CTX_set_session_cache_mode(NULL, 0) in openssl/ssl.h... yes

──── Below are yes for 1.1.0 & later ────
checking for TLS_server_method() in openssl/ssl.h... yes
checking for SSL_CTX_set_min_proto_version(NULL, 0) in openssl/ssl.h... yes

──── Below is yes for 1.1.0 and later, but isn't documented until 3.0.0 ────
checking for SSL_CTX_set_dh_auto(NULL, 0) in openssl/ssl.h... yes

──── Below is yes for 1.1.1 & later ────
checking for SSL_CTX_set_ciphersuites(NULL, "") in openssl/ssl.h... yes

──── Below is yes for 3.0.0 & later ────
checking for SSL_get1_peer_certificate() in openssl/ssl.h... yes

creating Makefile

current directory: /home/delma/Documentos/trab_eng_software/CAMAAR/backend/vendor/bundle/ruby/3.2.0/gems/puma-7.1.0/ext/puma_http11
make DESTDIR\= sitearchdir\=./.gem.20251208-16117-ss44jz sitelibdir\=./.gem.20251208-16117-ss44jz clean
rm -f 
rm -fr puma_http11.so false http11_parser.o mini_ssl.o puma_http11.o *.bak mkmf.log .*.time

current directory: /home/delma/Documentos/trab_eng_software/CAMAAR/backend/vendor/bundle/ruby/3.2.0/gems/puma-7.1.0/ext/puma_http11
make DESTDIR\= sitearchdir\=./.gem.20251208-16117-ss44jz sitelibdir\=./.gem.20251208-16117-ss44jz
gcc -I. -I/usr/include -I/usr/include/ruby/backward -I/usr/include -I.  -DHAVE_OPENSSL_BIO_H -DHAVE_DTLS_METHOD -DHAVE_SSL_CTX_SET_SESSION_CACHE_MODE -DHAVE_TLS_SERVER_METHOD -DHAVE_SSL_CTX_SET_MIN_PROTO_VERSION -DHAVE_SSL_CTX_SET_DH_AUTO -DHAVE_SSL_CTX_SET_CIPHERSUITES -DHAVE_SSL_GET1_PEER_CERTIFICATE    -fPIC -O2 -flto=auto -ffat-lto-objects -fexceptions -g -grecord-gcc-switches -pipe -Wall -Werror=format-security -Wp,-U_FORTIFY_SOURCE,-D_FORTIFY_SOURCE=3 -Wp,-D_GLIBCXX_ASSERTIONS -specs=/usr/lib/rpm/redhat/redhat-hardened-cc1 -fstack-protector-strong -specs=/usr/lib/rpm/redhat/redhat-annobin-cc1   -mtune=generic -fasynchronous-unwind-tables -fstack-clash-protection -fcf-protection -fno-omit-frame-pointer -mno-omit-leaf-frame-pointer -fPIC  -m64 -o http11_parser.o -c http11_parser.c
gcc -I. -I/usr/include -I/usr/include/ruby/backward -I/usr/include -I.  -DHAVE_OPENSSL_BIO_H -DHAVE_DTLS_METHOD -DHAVE_SSL_CTX_SET_SESSION_CACHE_MODE -DHAVE_TLS_SERVER_METHOD -DHAVE_SSL_CTX_SET_MIN_PROTO_VERSION -DHAVE_SSL_CTX_SET_DH_AUTO -DHAVE_SSL_CTX_SET_CIPHERSUITES -DHAVE_SSL_GET1_PEER_CERTIFICATE    -fPIC -O2 -flto=auto -ffat-lto-objects -fexceptions -g -grecord-gcc-switches -pipe -Wall -Werror=format-security -Wp,-U_FORTIFY_SOURCE,-D_FORTIFY_SOURCE=3 -Wp,-D_GLIBCXX_ASSERTIONS -specs=/usr/lib/rpm/redhat/redhat-hardened-cc1 -fstack-protector-strong -specs=/usr/lib/rpm/redhat/redhat-annobin-cc1   -mtune=generic -fasynchronous-unwind-tables -fstack-clash-protection -fcf-protection -fno-omit-frame-pointer -mno-omit-leaf-frame-pointer -fPIC  -m64 -o mini_ssl.o -c mini_ssl.c
gcc -I. -I/usr/include -I/usr/include/ruby/backward -I/usr/include -I.  -DHAVE_OPENSSL_BIO_H -DHAVE_DTLS_METHOD -DHAVE_SSL_CTX_SET_SESSION_CACHE_MODE -DHAVE_TLS_SERVER_METHOD -DHAVE_SSL_CTX_SET_MIN_PROTO_VERSION -DHAVE_SSL_CTX_SET_DH_AUTO -DHAVE_SSL_CTX_SET_CIPHERSUITES -DHAVE_SSL_GET1_PEER_CERTIFICATE    -fPIC -O2 -flto=auto -ffat-lto-objects -fexceptions -g -grecord-gcc-switches -pipe -Wall -Werror=format-security -Wp,-U_FORTIFY_SOURCE,-D_FORTIFY_SOURCE=3 -Wp,-D_GLIBCXX_ASSERTIONS -specs=/usr/lib/rpm/redhat/redhat-hardened-cc1 -fstack-protector-strong -specs=/usr/lib/rpm/redhat/redhat-annobin-cc1   -mtune=generic -fasynchronous-unwind-tables -fstack-clash-protection -fcf-protection -fno-omit-frame-pointer -mno-omit-leaf-frame-pointer -fPIC  -m64 -o puma_http11.o -c puma_http11.c
rm -f puma_http11.so
gcc -shared -o puma_http11.so http11_parser.o mini_ssl.o puma_http11.o -L. -L/usr/lib64 -L. -Wl,-z,relro -Wl,--as-needed  -Wl,-z,now -specs=/usr/lib/rpm/redhat/redhat-hardened-ld -specs=/usr/lib/rpm/redhat/redhat-annobin-cc1  -Wl,--build-id=sha1 -fstack-protector-strong -rdynamic -Wl,-export-dynamic -Wl,--no-as-needed  -Wl,-z,relro -Wl,--as-needed  -Wl,-z,now -specs=/usr/lib/rpm/redhat/redhat-hardened-ld -specs=/usr/lib/rpm/redhat/redhat-annobin-cc1  -Wl,--build-id=sha1    -m64  -lruby  -lssl -lcrypto -lm -lpthread  -lc

current directory: /home/delma/Documentos/trab_eng_software/CAMAAR/backend/vendor/bundle/ruby/3.2.0/gems/puma-7.1.0/ext/puma_http11
make DESTDIR\= sitearchdir\=./.gem.20251208-16117-ss44jz sitelibdir\=./.gem.20251208-16117-ss44jz install
/usr/bin/mkdir -p . ./.gem.20251208-16117-ss44jz/puma
exit > .sitearchdir.-.puma.time
/usr/bin/install -c -m 0755 puma_http11.so ./.gem.20251208-16117-ss44jz/puma

current directory: /home/delma/Documentos/trab_eng_software/CAMAAR/backend/vendor/bundle/ruby/3.2.0/gems/puma-7.1.0/ext/puma_http11
make DESTDIR\= sitearchdir\=./.gem.20251208-16117-ss44jz sitelibdir\=./.gem.20251208-16117-ss44jz clean
rm -f 
rm -fr puma_http11.so false http11_parser.o mini_ssl.o puma_http11.o *.bak mkmf.log .*.time
