current directory: /home/delma/Documentos/trab_eng_software/CAMAAR/backend/vendor/bundle/ruby/3.2.0/gems/io-console-0.8.1/ext/io/console
/usr/bin/ruby -I/usr/share/rubygems extconf.rb
checking for rb_syserr_fail_str(0, Qnil)... yes
checking for rb_interned_str_cstr()... yes
checking for rb_io_path() in ruby/io.h... no
checking for rb_io_descriptor() in ruby/io.h... yes
checking for rb_io_get_write_io() in ruby/io.h... yes
checking for rb_io_closed_p() in ruby/io.h... no
checking for rb_io_open_descriptor() in ruby/io.h... no
checking for rb_ractor_local_storage_value_newkey()... yes
checking for termios.h... yes
checking for cfmakeraw() in termios.h... yes
checking for sys/ioctl.h... yes
checking for HAVE_RUBY_FIBER_SCHEDULER_H... yes
checking for ttyname_r()... yes
creating Makefile

current directory: /home/delma/Documentos/trab_eng_software/CAMAAR/backend/vendor/bundle/ruby/3.2.0/gems/io-console-0.8.1/ext/io/console
make DESTDIR\= sitearchdir\=./.gem.20251208-16117-ro1byn sitelibdir\=./.gem.20251208-16117-ro1byn clean
rm -f 
rm -fr console.so false console.o *.bak mkmf.log .*.time

current directory: /home/delma/Documentos/trab_eng_software/CAMAAR/backend/vendor/bundle/ruby/3.2.0/gems/io-console-0.8.1/ext/io/console
make DESTDIR\= sitearchdir\=./.gem.20251208-16117-ro1byn sitelibdir\=./.gem.20251208-16117-ro1byn
gcc -I. -I/usr/include -I/usr/include/ruby/backward -I/usr/include -I. -DHAVE_RB_SYSERR_FAIL_STR -DHAVE_RB_INTERNED_STR_CSTR -DHAVE_RB_IO_DESCRIPTOR -DHAVE_RB_IO_GET_WRITE_IO -DHAVE_RB_RACTOR_LOCAL_STORAGE_VALUE_NEWKEY -DHAVE_TERMIOS_H -DHAVE_CFMAKERAW -DHAVE_SYS_IOCTL_H -DHAVE_RB_IO_WAIT=1 -DHAVE_TTYNAME_R    -fPIC -O2 -flto=auto -ffat-lto-objects -fexceptions -g -grecord-gcc-switches -pipe -Wall -Werror=format-security -Wp,-U_FORTIFY_SOURCE,-D_FORTIFY_SOURCE=3 -Wp,-D_GLIBCXX_ASSERTIONS -specs=/usr/lib/rpm/redhat/redhat-hardened-cc1 -fstack-protector-strong -specs=/usr/lib/rpm/redhat/redhat-annobin-cc1   -mtune=generic -fasynchronous-unwind-tables -fstack-clash-protection -fcf-protection -fno-omit-frame-pointer -mno-omit-leaf-frame-pointer -fPIC -m64 -o console.o -c console.c
rm -f console.so
gcc -shared -o console.so console.o -L. -L/usr/lib64 -L. -Wl,-z,relro -Wl,--as-needed  -Wl,-z,now -specs=/usr/lib/rpm/redhat/redhat-hardened-ld -specs=/usr/lib/rpm/redhat/redhat-annobin-cc1  -Wl,--build-id=sha1 -fstack-protector-strong -rdynamic -Wl,-export-dynamic -Wl,--no-as-needed -Wl,-z,relro -Wl,--as-needed  -Wl,-z,now -specs=/usr/lib/rpm/redhat/redhat-hardened-ld -specs=/usr/lib/rpm/redhat/redhat-annobin-cc1  -Wl,--build-id=sha1    -m64  -lruby  -lm -lpthread  -lc

current directory: /home/delma/Documentos/trab_eng_software/CAMAAR/backend/vendor/bundle/ruby/3.2.0/gems/io-console-0.8.1/ext/io/console
make DESTDIR\= sitearchdir\=./.gem.20251208-16117-ro1byn sitelibdir\=./.gem.20251208-16117-ro1byn install
/usr/bin/mkdir -p . ./.gem.20251208-16117-ro1byn/io
exit > .sitearchdir.-.io.time
/usr/bin/install -c -m 0755 console.so ./.gem.20251208-16117-ro1byn/io

current directory: /home/delma/Documentos/trab_eng_software/CAMAAR/backend/vendor/bundle/ruby/3.2.0/gems/io-console-0.8.1/ext/io/console
make DESTDIR\= sitearchdir\=./.gem.20251208-16117-ro1byn sitelibdir\=./.gem.20251208-16117-ro1byn clean
rm -f 
rm -fr console.so false console.o *.bak mkmf.log .*.time
