current directory: /home/delma/Documentos/trab_eng_software/CAMAAR/backend/vendor/bundle/ruby/3.2.0/gems/websocket-driver-0.8.0/ext/websocket-driver
/usr/bin/ruby -I/usr/share/rubygems extconf.rb
creating Makefile

current directory: /home/delma/Documentos/trab_eng_software/CAMAAR/backend/vendor/bundle/ruby/3.2.0/gems/websocket-driver-0.8.0/ext/websocket-driver
make DESTDIR\= sitearchdir\=./.gem.20251215-21045-uouovc sitelibdir\=./.gem.20251215-21045-uouovc clean
rm -f 
rm -fr websocket_mask.so false websocket_mask.o *.bak mkmf.log .*.time

current directory: /home/delma/Documentos/trab_eng_software/CAMAAR/backend/vendor/bundle/ruby/3.2.0/gems/websocket-driver-0.8.0/ext/websocket-driver
make DESTDIR\= sitearchdir\=./.gem.20251215-21045-uouovc sitelibdir\=./.gem.20251215-21045-uouovc
gcc -I. -I/usr/include -I/usr/include/ruby/backward -I/usr/include -I.   -fPIC -O2 -flto=auto -ffat-lto-objects -fexceptions -g -grecord-gcc-switches -pipe -Wall -Werror=format-security -Wp,-U_FORTIFY_SOURCE,-D_FORTIFY_SOURCE=3 -Wp,-D_GLIBCXX_ASSERTIONS -specs=/usr/lib/rpm/redhat/redhat-hardened-cc1 -fstack-protector-strong -specs=/usr/lib/rpm/redhat/redhat-annobin-cc1   -mtune=generic -fasynchronous-unwind-tables -fstack-clash-protection -fcf-protection -fno-omit-frame-pointer -mno-omit-leaf-frame-pointer -fPIC -m64 -o websocket_mask.o -c websocket_mask.c
rm -f websocket_mask.so
gcc -shared -o websocket_mask.so websocket_mask.o -L. -L/usr/lib64 -L. -Wl,-z,relro -Wl,--as-needed  -Wl,-z,now -specs=/usr/lib/rpm/redhat/redhat-hardened-ld -specs=/usr/lib/rpm/redhat/redhat-annobin-cc1  -Wl,--build-id=sha1 -fstack-protector-strong -rdynamic -Wl,-export-dynamic -Wl,--no-as-needed -Wl,-z,relro -Wl,--as-needed  -Wl,-z,now -specs=/usr/lib/rpm/redhat/redhat-hardened-ld -specs=/usr/lib/rpm/redhat/redhat-annobin-cc1  -Wl,--build-id=sha1    -m64  -lruby  -lm -lpthread  -lc

current directory: /home/delma/Documentos/trab_eng_software/CAMAAR/backend/vendor/bundle/ruby/3.2.0/gems/websocket-driver-0.8.0/ext/websocket-driver
make DESTDIR\= sitearchdir\=./.gem.20251215-21045-uouovc sitelibdir\=./.gem.20251215-21045-uouovc install
/usr/bin/mkdir -p . ./.gem.20251215-21045-uouovc
exit > .sitearchdir.time
/usr/bin/install -c -m 0755 websocket_mask.so ./.gem.20251215-21045-uouovc

current directory: /home/delma/Documentos/trab_eng_software/CAMAAR/backend/vendor/bundle/ruby/3.2.0/gems/websocket-driver-0.8.0/ext/websocket-driver
make DESTDIR\= sitearchdir\=./.gem.20251215-21045-uouovc sitelibdir\=./.gem.20251215-21045-uouovc clean
rm -f 
rm -fr websocket_mask.so false websocket_mask.o *.bak mkmf.log .*.time
