current directory: /home/delma/Documentos/trab_eng_software/CAMAAR/backend/vendor/bundle/ruby/3.2.0/gems/bootsnap-1.19.0/ext/bootsnap
/usr/bin/ruby -I/usr/share/rubygems extconf.rb
checking for fdatasync() in unistd.h... yes
checking for whether -D_GNU_SOURCE is accepted as CPPFLAGS... yes
checking for whether -O3 is accepted as CFLAGS... yes
checking for whether -std=c99 is accepted as CFLAGS... yes
creating Makefile

current directory: /home/delma/Documentos/trab_eng_software/CAMAAR/backend/vendor/bundle/ruby/3.2.0/gems/bootsnap-1.19.0/ext/bootsnap
make DESTDIR\= sitearchdir\=./.gem.20251215-21045-b8pgha sitelibdir\=./.gem.20251215-21045-b8pgha clean
rm -f 
rm -fr bootsnap.so false bootsnap.o *.bak mkmf.log .*.time

current directory: /home/delma/Documentos/trab_eng_software/CAMAAR/backend/vendor/bundle/ruby/3.2.0/gems/bootsnap-1.19.0/ext/bootsnap
make DESTDIR\= sitearchdir\=./.gem.20251215-21045-b8pgha sitelibdir\=./.gem.20251215-21045-b8pgha
gcc -I. -I/usr/include -I/usr/include/ruby/backward -I/usr/include -I. -DHAVE_FDATASYNC    -D_GNU_SOURCE -fPIC -O2 -flto=auto -ffat-lto-objects -fexceptions -g -grecord-gcc-switches -pipe -Wall -Werror=format-security -Wp,-U_FORTIFY_SOURCE,-D_FORTIFY_SOURCE=3 -Wp,-D_GLIBCXX_ASSERTIONS -specs=/usr/lib/rpm/redhat/redhat-hardened-cc1 -fstack-protector-strong -specs=/usr/lib/rpm/redhat/redhat-annobin-cc1   -mtune=generic -fasynchronous-unwind-tables -fstack-clash-protection -fcf-protection -fno-omit-frame-pointer -mno-omit-leaf-frame-pointer -fPIC -O3 -std=c99 -m64 -o bootsnap.o -c bootsnap.c
rm -f bootsnap.so
gcc -shared -o bootsnap.so bootsnap.o -L. -L/usr/lib64 -L. -Wl,-z,relro -Wl,--as-needed  -Wl,-z,now -specs=/usr/lib/rpm/redhat/redhat-hardened-ld -specs=/usr/lib/rpm/redhat/redhat-annobin-cc1  -Wl,--build-id=sha1 -fstack-protector-strong -rdynamic -Wl,-export-dynamic -Wl,--no-as-needed -Wl,-z,relro -Wl,--as-needed  -Wl,-z,now -specs=/usr/lib/rpm/redhat/redhat-hardened-ld -specs=/usr/lib/rpm/redhat/redhat-annobin-cc1  -Wl,--build-id=sha1    -m64  -lruby  -lm -lpthread  -lc

current directory: /home/delma/Documentos/trab_eng_software/CAMAAR/backend/vendor/bundle/ruby/3.2.0/gems/bootsnap-1.19.0/ext/bootsnap
make DESTDIR\= sitearchdir\=./.gem.20251215-21045-b8pgha sitelibdir\=./.gem.20251215-21045-b8pgha install
/usr/bin/mkdir -p . ./.gem.20251215-21045-b8pgha/bootsnap
exit > .sitearchdir.-.bootsnap.time
/usr/bin/install -c -m 0755 bootsnap.so ./.gem.20251215-21045-b8pgha/bootsnap

current directory: /home/delma/Documentos/trab_eng_software/CAMAAR/backend/vendor/bundle/ruby/3.2.0/gems/bootsnap-1.19.0/ext/bootsnap
make DESTDIR\= sitearchdir\=./.gem.20251215-21045-b8pgha sitelibdir\=./.gem.20251215-21045-b8pgha clean
rm -f 
rm -fr bootsnap.so false bootsnap.o *.bak mkmf.log .*.time
